../Core/Src/main.c:84:5:main	64	static
../Core/Src/main.c:174:6:SystemClock_Config	88	static
../Core/Src/main.c:221:13:MX_I2C1_Init	8	static
../Core/Src/main.c:255:13:MX_USART2_UART_Init	8	static
../Core/Src/main.c:288:13:MX_GPIO_Init	48	static
../Core/Src/main.c:317:6:MPU6050_Init	24	static
../Core/Src/main.c:337:6:UART_SEND_NL	16	static
../Core/Src/main.c:345:6:UART_SEND_CHR	16	static
../Core/Src/main.c:355:6:UART_SEND_INT	32	static
../Core/Src/main.c:365:6:UART_SEND_TXT	16	static
../Core/Src/main.c:373:5:ReadInt	24	static
../Core/Src/main.c:392:6:Error_Handler	4	static,ignoring_inline_asm
