../Core/Src/main.c:86:5:main	96	static
../Core/Src/main.c:200:6:SystemClock_Config	88	static
../Core/Src/main.c:247:13:MX_I2C1_Init	8	static
../Core/Src/main.c:281:13:MX_USART2_UART_Init	8	static
../Core/Src/main.c:314:13:MX_GPIO_Init	48	static
../Core/Src/main.c:343:6:MPU6050_Init	24	static
../Core/Src/main.c:363:6:UART_SEND_NL	16	static
../Core/Src/main.c:371:6:UART_SEND_CHR	16	static
../Core/Src/main.c:381:6:UART_SEND_INT	32	static
../Core/Src/main.c:391:6:UART_SEND_TXT	16	static
../Core/Src/main.c:399:5:ReadInt	24	static
../Core/Src/main.c:418:6:Error_Handler	4	static,ignoring_inline_asm
